map $request_uri $new_redirect {
	/articles/2019-12-18-sources-of-real-world-evidence https://mantrasystems.com/articles/sources-of-real-world-evidence;
	/articles/2020-01-23-the-new-mdr-compliance-challenge https://mantrasystems.com/articles/the-new-mdr-compliance-challenge;
	/articles/2020-04-09-eu-regulators-may-delay-mdr-enforcement https://mantrasystems.com/articles/eu-regulators-may-delay-mdr-enforcement;
	/articles/2020-04-20-approved-proposal-to-delay-eu-mdr https://mantrasystems.com/articles/approved-proposal-to-delay-eu-mdr;
	/articles/2020-05-06-relaxing-medical-device-regulatory-requirements-during-a-healthcare-crisis https://mantrasystems.com/articles/relaxing-medical-device-regulatory-requirements-during-a-healthcare-crisis;
	/articles/2020-06-01-bridging-the-gap-ensuring-that-clinical-investigations-work-in-practice https://mantrasystems.com/articles/ensuring-that-clinical-investigations-work-in-practice;
	/articles/bridging-the-gap-ensuring-that-clinical-investigations-work-in-practice https://mantrasystems.com/articles/ensuring-that-clinical-investigations-work-in-practice;
	/articles/2020-06-23-software-as-a-medical-device https://mantrasystems.com/articles/software-as-a-medical-device;
	/articles/literature-reviews-for-medical-devices-what-to-know-before-you-start https://mantrasystems.com/articles/literature-search-protocols-sota-reviews-for-medical-devices;
	/articles/sota-literature-reviews-for-medical-devices-what-to-know-before-you-start https://mantrasystems.com/articles/literature-search-protocols-sota-reviews-for-medical-devices;
	/articles/systematic-literature-review-and-clinical-evaluation https://mantrasystems.com/articles/literature-search-sota-review-and-clinical-evaluation;
	/articles/sota-literature-review-and-clinical-evaluation https://mantrasystems.com/articles/literature-search-sota-review-and-clinical-evaluation;
	/articles/a-devices-intended-purpose-what-is-the-point https://mantrasystems.com/articles/a-medical-devices-intended-purpose-what-is-the-point;
	/literature-search-protocol-sota-review https://mantrasystems.com/clinical-evaluation;
	/clinical-evaluation-report-writing https://mantrasystems.com/clinical-evaluation;
	/clinical-evaluation-reports https://mantrasystems.com/clinical-evaluation;
	/clinical-evaluation-report https://mantrasystems.com/clinical-evaluation;
	/medical-device-clinical-evaluation https://mantrasystems.com/clinical-evaluation;
	/clinical-evaluation-2 https://mantrasystems.com/clinical-evaluation;
	/mdr-ivdr-consulting-specialists https://mantrasystems.com/ivdr-consulting;
	/ivdr-approval-services https://mantrasystems.com/ivdr-consulting;
	/summary-of-safety-and-clinical-performance https://mantrasystems.com/mdr-consulting;
	/post-market-clinical-follow-up https://mantrasystems.com/mdr-consulting;
	/medical-device-regulatory-consulting https://mantrasystems.com/mdr-consulting;
	/medical-device-regulatory-consultants-uk https://mantrasystems.com/mdr-consulting;
	/mdr-consulting-services https://mantrasystems.com/mdr-consulting;
	/preclinical-testing https://mantrasystems.com/mdr-consulting;
	/heor-value-communication https://mantrasystems.com/mdr-consulting;
	/medical-device-market-access https://mantrasystems.com/mdr-consulting;
	/enable-ce-mark/eu-mdr-templates-documents-tools/annex-ii-templates https://mantrasystems.com/enable-ce-mark/technical-document-templates/annex-ii-templates;
	/maa-newsletter https://mantrasystems.com/medical-affairs-training;
	/maa-updates https://mantrasystems.com/medical-affairs-training;
	/join https://mantrasystems.com/medical-affairs-training;
	/associates https://mantrasystems.com/medical-affairs-training;
	/medical-affairs-associates https://mantrasystems.com/medical-affairs-training;
	/medical-affairs-associates/support https://mantrasystems.com/medical-affairs-training;
	/medical-affairs-associates/submission https://mantrasystems.com/medical-affairs-training;
	/associates-submission https://mantrasystems.com/medical-affairs-training;
	/opportunities https://mantrasystems.com/careers;
	/enable-ce-mark/eu-mdr-templates-documents-tools/clinical-evaluation-plan-cep-template https://mantrasystems.com/enable-ce-mark/technical-document-templates/clinical-evaluation-plan-cep-template;
	/cer-template https://mantrasystems.com/enable-ce-mark/technical-document-templates/clinical-evaluation-report-cer-template;
	/mdr-templates/clinical-evaluation-report-template https://mantrasystems.com/enable-ce-mark/technical-document-templates/clinical-evaluation-report-cer-template;
	/mdr-guidance/downloads/clinical-evaluation-report-template https://mantrasystems.com/enable-ce-mark/technical-document-templates/clinical-evaluation-report-cer-template;
	/mdr-resources/downloads/clinical-evaluation-report-template https://mantrasystems.com/enable-ce-mark/technical-document-templates/clinical-evaluation-report-cer-template;
	/medical-device-regulatory-guidance-resources/downloads/clinical-evaluation-report-template https://mantrasystems.com/enable-ce-mark/technical-document-templates/clinical-evaluation-report-cer-template;
	/medical-device-regulatory-guidance-resources/downloads/clinical-evaluation-report-cer-template https://mantrasystems.com/enable-ce-mark/technical-document-templates/clinical-evaluation-report-cer-template;
	/enable-ce-mark/eu-mdr-templates-documents-tools/clinical-evaluation-report-cer-template https://mantrasystems.com/enable-ce-mark/technical-document-templates/clinical-evaluation-report-cer-template;
	/enable-ce-mark/eu-mdr-training-courses/clinical-evaluation-report-cer-writing https://mantrasystems.com/enable-ce-mark/online-video-training-courses/clinical-evaluation-report-cer-writing;
	/eu-mdr-compliance/manufacturers/clinical-evaluation/clinical-evaluation-report-template https://mantrasystems.com/eu-mdr-compliance/clinical-evaluation-report-cer-template;
	/eu-mdr-compliance/clinical-evaluation-report-template https://mantrasystems.com/eu-mdr-compliance/clinical-evaluation-report-cer-template;
	/eu-mdr-compliance/manufacturers/clinical-evaluation/clinical-evaluation-report https://mantrasystems.com/eu-mdr-compliance/clinical-evaluation-report-cer;
	/eu-mdr-compliance/clinical-evaluation-report https://mantrasystems.com/eu-mdr-compliance/clinical-evaluation-report-cer;
	/eu-mdr-compliance/manufacturers/clinical-evaluation https://mantrasystems.com/eu-mdr-compliance/clinical-evaluation;
	/medical-device-regulatory-services/clinical-evaluation https://mantrasystems.com/medical-device-regulatory-consulting-services/mdr-consulting/clinical-evaluation;
	/medical-device-regulatory-services/medical-writing https://mantrasystems.com/medical-device-regulatory-consulting-services/mdr-consulting/clinical-evaluation;
	/medical-device-regulatory-consulting-services/clinical-evaluation-assurance https://mantrasystems.com/medical-device-regulatory-consulting-services/mdr-consulting/clinical-evaluation;
	/medical-device-regulatory-consulting-services/mdr-clinical-evaluation https://mantrasystems.com/medical-device-regulatory-consulting-services/mdr-consulting/clinical-evaluation;
	/medical-device-regulatory-consulting-services/medical-technical-writing https://mantrasystems.com/medical-device-regulatory-consulting-services/mdr-consulting/clinical-evaluation;
	/medical-device-regulatory-consulting-services/medical-writing https://mantrasystems.com/medical-device-regulatory-consulting-services/mdr-consulting/clinical-evaluation;
	/medical-device-regulatory-consulting-services/literature-reviews https://mantrasystems.com/medical-device-regulatory-consulting-services/mdr-consulting/clinical-evaluation;
	/medical-device-regulatory-consulting-services/systematic-literature-reviews https://mantrasystems.com/medical-device-regulatory-consulting-services/mdr-consulting/clinical-evaluation;
	/medical-device-regulatory-consulting-services/sota-literature-reviews https://mantrasystems.com/medical-device-regulatory-consulting-services/mdr-consulting/clinical-evaluation;
	/medical-device-regulatory-consulting-services/literature-search-protocol-sota-review https://mantrasystems.com/medical-device-regulatory-consulting-services/mdr-consulting/clinical-evaluation;
	/medical-device-regulatory-consulting-services/clinical-evaluation https://mantrasystems.com/medical-device-regulatory-consulting-services/mdr-consulting/clinical-evaluation;
	/contact-sales https://mantrasystems.com/contact;
	/contact-services https://mantrasystems.com/contact;
	/contact-support https://mantrasystems.com/contact;
	/support https://mantrasystems.com/contact;
	/events https://mantrasystems.com/enable-ce-mark/online-video-training-courses;
	/mdr-academy/events/live-seminars https://mantrasystems.com/enable-ce-mark/online-video-training-courses;
	/mdr-resources/mdr-compliance-webinar https://mantrasystems.com/enable-ce-mark/online-video-training-courses;
	/mdr-training/personalised-support https://mantrasystems.com/enable-ce-mark/online-video-training-courses;
	/mdr-training https://mantrasystems.com/enable-ce-mark;
	/mdr-training-academy https://mantrasystems.com/enable-ce-mark/online-video-training-courses;
	/medical-device-regulatory-guidance-resources/mdr-compliance-webinar https://mantrasystems.com/enable-ce-mark/online-video-training-courses;
	/medical-device-regulatory-consulting-services/mdr-training-academy https://mantrasystems.com/enable-ce-mark;
	/mdr-academy/events/online-workshops https://mantrasystems.com/enable-ce-mark/online-video-training-courses;
	/enable-ce-mark/eu-mdr-training-courses https://mantrasystems.com/enable-ce-mark/online-video-training-courses;
	/enablechat https://mantrasystems.com/medical-device-regulation-resources/enablechat;
	/guide https://mantrasystems.com/eu-mdr-compliance;
	/medical-device-regulatory-consulting-services/fda-consulting https://mantrasystems.com/medical-device-regulatory-consulting-services/fda-510k-consulting;
	/medical-device-regulatory-consulting-services/flat-monthly-consulting https://mantrasystems.com/medical-device-regulatory-consulting-services/fractional-regulatory-consulting;
	/medical-device-regulatory-consulting-services/flat-monthly-fee-consulting https://mantrasystems.com/medical-device-regulatory-consulting-services/fractional-regulatory-consulting;
	/mdr-services/gap-analysis https://mantrasystems.com/eu-mdr-compliance/gap-analysis;
	/mdr-consulting/gap-analysis https://mantrasystems.com/eu-mdr-compliance/gap-analysis;
	/eu-mdr-compliance/manufacturers/gap-analysis https://mantrasystems.com/eu-mdr-compliance/gap-analysis;
	/white-papers https://mantrasystems.com/enable-ce-mark/white-papers-guides;
	/medical-device-regulatory-guidance-resources/white-papers https://mantrasystems.com/enable-ce-mark/white-papers-guides;
	/medical-device-regulation-resources/white-papers https://mantrasystems.com/enable-ce-mark/white-papers-guides;
	/enable-ce-mark/eu-mdr-templates-documents-tools/mdready-starter-guide https://mantrasystems.com/enable-ce-mark/white-papers-guides;
	/c1 http://mantrasystems.com;
	/medica http://mantrasystems.com;
	/medica-2024 http://mantrasystems.com;
	/opportunities/it-support-engineer https://mantrasystems.com/careers/it-support-engineer;
	/opportunities/it-systems-support https://mantrasystems.com/careers/it-systems-support;
	/opportunities/junior-regulatory-specialist https://mantrasystems.com/careers/junior-regulatory-specialist;
	/opportunities/lead-medical-writer https://mantrasystems.com/careers/lead-medical-writer;
	/eu-mdr-compliance/systematic-literature-reviews https://mantrasystems.com/eu-mdr-compliance/literature-search-protocol-sota-review;
	/eu-mdr-compliance/sota-literature-reviews https://mantrasystems.com/eu-mdr-compliance/literature-search-protocol-sota-review;
	/eu-mdr-compliance/manufacturers https://mantrasystems.com/eu-mdr-compliance/medical-device-manufacturers;
	/mdr-resources/downloads/mdr-gap-analyser https://mantrasystems.com/enable-ce-mark/technical-document-templates/mdr-compliance-checker-gap-analysis-tool;
	/mdr-gap-analyser https://mantrasystems.com/enable-ce-mark/technical-document-templates/mdr-compliance-checker-gap-analysis-tool;
	/medical-device-regulatory-guidance-resources/downloads/mdr-gap-analyser https://mantrasystems.com/enable-ce-mark/technical-document-templates/mdr-compliance-checker-gap-analysis-tool;
	/enable-ce-mark/eu-mdr-templates-documents-tools/gap-analysis-tool https://mantrasystems.com/enable-ce-mark/technical-document-templates/mdr-compliance-checker-gap-analysis-tool;
	/enable-ce-mark/technical-document-templates/gap-analysis-tool https://mantrasystems.com/enable-ce-mark/technical-document-templates/mdr-compliance-checker-gap-analysis-tool;
	/mdr-consulting/post-market-clinical-follow-up https://mantrasystems.com/medical-device-regulatory-consulting-services/mdr-consulting;
	/medical-device-regulatory-services/clinical-evidence-generation https://mantrasystems.com/medical-device-regulatory-consulting-services/mdr-consulting;
	/medical-device-regulatory-consulting-services/clinical-evidence-generation https://mantrasystems.com/medical-device-regulatory-consulting-services/mdr-consulting;
	/medical-device-regulatory-consulting-services https://mantrasystems.com/medical-device-regulatory-consulting-services/mdr-consulting;
	/medical-device-regulatory-consulting-services/mdr-pmcf-plan-study-survey https://mantrasystems.com/medical-device-regulatory-consulting-services/mdr-consulting;
	/medical-device-regulatory-consulting-services/post-market-clinical-follow-up https://mantrasystems.com/medical-device-regulatory-consulting-services/mdr-consulting;
	/medical-device-regulatory-consulting-services/summary-of-safety-and-clinical-performance-sscp https://mantrasystems.com/medical-device-regulatory-consulting-services/mdr-consulting;
	/medical-device-regulatory-consulting-services/samd-consulting https://mantrasystems.com/medical-device-regulatory-consulting-services/mdr-consulting;
	/opportunities/medical-writer https://mantrasystems.com/careers/medical-writer;
	/opportunities/office-manager https://mantrasystems.com/careers/office-manager;
	/eu-mdr-compliance/manufacturers/person-responsible-for-regulatory-compliance https://mantrasystems.com/eu-mdr-compliance/person-responsible-for-regulatory-compliance-prrc;
	/eu-mdr-compliance/person-responsible-for-regulatory-compliance https://mantrasystems.com/eu-mdr-compliance/person-responsible-for-regulatory-compliance-prrc;
	/eu-mdr-compliance/manufacturers/post-market-surveillance/post-market-clinical-follow-up/pmcf-plan https://mantrasystems.com/eu-mdr-compliance/post-market-clinical-follow-up-pmcf-plan;
	/eu-mdr-compliance/manufacturers/post-market-surveillance/post-market-clinical-follow-up/pmcf-report https://mantrasystems.com/eu-mdr-compliance/post-market-clinical-follow-up-pmcf-report;
	/eu-mdr-compliance/manufacturers/post-market-surveillance/post-market-clinical-follow-up/pmcf-template https://mantrasystems.com/eu-mdr-compliance/post-market-clinical-follow-up-pmcf-template;
	/eu-mdr-compliance/manufacturers/post-market-surveillance/post-market-clinical-follow-up https://mantrasystems.com/eu-mdr-compliance/post-market-clinical-follow-up-pmcf;
	/articles/does-my-medical-device-need-a-pmcf-system-for-mdr-compliance https://mantrasystems.com/eu-mdr-compliance/post-market-clinical-follow-up-pmcf;
	/services/post-market-surveillance-conduct https://mantrasystems.com/eu-mdr-compliance/post-market-surveillance-pms;
	/mdr-consulting/post-market-surveillance https://mantrasystems.com/eu-mdr-compliance/post-market-surveillance-pms;
	/eu-mdr-compliance/manufacturers/post-market-surveillance https://mantrasystems.com/eu-mdr-compliance/post-market-surveillance-pms;
	/eu-mdr-compliance/post-market-surveillance-pms> https://mantrasystems.com/eu-mdr-compliance/post-market-surveillance-pms;
	/medical-device-market-access-consulting/pre-clinical-testing https://mantrasystems.com/medical-device-market-access-consulting/preclinical-testing;
	/eu-mdr-compliance/manufacturers/quality-management-system https://mantrasystems.com/eu-mdr-compliance/quality-management-system-qms;
	/eu-mdr-compliance/quality-management-system https://mantrasystems.com/eu-mdr-compliance/quality-management-system-qms;
	/eu-mdr-compliance/manufacturers/post-market-surveillance/post-market-clinical-follow-up/real-world-data https://mantrasystems.com/eu-mdr-compliance/real-world-data;
	/eu-mdr-compliance/manufacturers/post-market-surveillance/post-market-clinical-follow-up/real-world-evidence https://mantrasystems.com/eu-mdr-compliance/real-world-evidence;
	/opportunities/regulatory-medical-writer https://mantrasystems.com/careers/regulatory-medical-writer;
	/mdr-guidance https://mantrasystems.com/medical-device-regulation-resources;
	/mdr-resources https://mantrasystems.com/medical-device-regulation-resources;
	/medical-device-regulatory-guidance-resources https://mantrasystems.com/medical-device-regulation-resources;
	/pmcf-checker https://mantrasystems.com/medical-device-regulation-resources;
	/mdr-resources/pmcf-checker https://mantrasystems.com/medical-device-regulation-resources;
	/medical-device-regulatory-guidance-resources/pmcf-checker https://mantrasystems.com/medical-device-regulation-resources;
	/medical-device-regulation-resources/pmcf-checker https://mantrasystems.com/medical-device-regulation-resources;
	/medical-device-regulatory-guidance-resources/videos https://mantrasystems.com/medical-device-regulation-resources;
	/medical-device-regulation-resources/videos https://mantrasystems.com/medical-device-regulation-resources;
	/cer-clinic https://mantrasystems.com/medical-device-regulation-resources;
	/medical-device-regulatory-guidance-resources/cer-clinic https://mantrasystems.com/medical-device-regulation-resources;
	/medical-device-regulation-resources/market-access-masterclass https://mantrasystems.com/medical-device-regulation-resources;
	/enable-ce-mark/eu-mdr-templates-documents-tools/risk-management-templates https://mantrasystems.com/enable-ce-mark/technical-document-templates/risk-management-templates;
	/enable-ce-mark/eu-mdr-training-courses/risk-management https://mantrasystems.com/enable-ce-mark/online-video-training-courses/risk-management;
	/eu-mdr-compliance/manufacturers/risk-management https://mantrasystems.com/eu-mdr-compliance/risk-management;
	/mdr-consulting/software-as-a-medical-device https://mantrasystems.com/eu-mdr-compliance/software-as-a-medical-device-samd;
	/mdr-consulting/samd-medical-device-software https://mantrasystems.com/eu-mdr-compliance/software-as-a-medical-device-samd;
	/medical-device-regulatory-consulting-services/samd-medical-device-software https://mantrasystems.com/eu-mdr-compliance/software-as-a-medical-device-samd;
	/eu-mdr-compliance/manufacturers/software-as-a-medical-device https://mantrasystems.com/eu-mdr-compliance/software-as-a-medical-device-samd;
	/eu-mdr-compliance/summary-of-safety-and-clinical-performance https://mantrasystems.com/eu-mdr-compliance/summary-of-safety-and-clinical-performance-sscp;
	/downloads https://mantrasystems.com/enable-ce-mark/technical-document-templates;
	/downloads-access https://mantrasystems.com/enable-ce-mark/technical-document-templates;
	/mdr-guidance/downloads https://mantrasystems.com/enable-ce-mark/technical-document-templates;
	/mdr-resources/downloads https://mantrasystems.com/enable-ce-mark/technical-document-templates;
	/medical-device-regulatory-guidance-resources/downloads https://mantrasystems.com/enable-ce-mark/technical-document-templates;
	/enable-ce-mark/eu-mdr-templates-documents-tools https://mantrasystems.com/enable-ce-mark/technical-document-templates;
	/mdr-academy https://mantrasystems.com/enable-ce-mark;
	/academy https://mantrasystems.com/enable-ce-mark;
	/medical-device-regulatory-consulting-services/mdr-academy https://mantrasystems.com/enable-ce-mark;
	/enable-ce-mark/eu-mdr-document-management https://mantrasystems.com/enable-ce-mark;
	/enable-ce-mark/eu-mdr-training-courses/understanding-eu-mdr https://mantrasystems.com/enable-ce-mark/online-video-training-courses/understanding-eu-mdr;
	/eu-mdr-compliance/manufacturers/post-market-surveillance/vigilance https://mantrasystems.com/eu-mdr-compliance/vigilance;
}
